[[32m[1minfo(B[m] Starting tests...

real	0m0.308s
user	0m0.166s
sys	0m0.136s

real	0m0.323s
user	0m0.179s
sys	0m0.139s

real	0m0.312s
user	0m0.169s
sys	0m0.138s

real	0m0.313s
user	0m0.168s
sys	0m0.139s

real	0m0.312s
user	0m0.170s
sys	0m0.135s

real	0m0.320s
user	0m0.178s
sys	0m0.138s

real	0m0.315s
user	0m0.171s
sys	0m0.138s

real	0m0.319s
user	0m0.172s
sys	0m0.140s

real	0m0.320s
user	0m0.177s
sys	0m0.137s

real	0m0.313s
user	0m0.172s
sys	0m0.136s
