0000000000:  a3 4e 6a 31 a3 98 02 5c 6b d8                    .Nj1...\k.

