 10:55:16 [[0;35mwarning[0m] Memory tracing enabled
 10:55:16 [[0;34minfo[0m] Lexer: OK
 10:55:16 [[0;35mwarning[0m] Dumping ast
 10:55:16 [[0;34minfo[0m] Parser: OK
 10:55:16 [[0;34minfo[0m] -> expression equals 4500
 10:55:16 [[0;35mwarning[0m] Displaying t_user_options struct
 10:55:16 [[0;33mdebug[0m] opened 'assets/random_4521b' to fd: 3
 10:55:16 [[0;33mdebug[0m] page_size: 16384
 10:55:16 [[0;34minfo[0m] Malloc recommended - (21 bytes)
0000+1194  91 4d 61 65 d0 ad d0 c1 7f 02 c2 6e a6 09 55 35  .Mae.......n..U5
0000+11a4  7a 13 ce d8 0a                                   z....
 10:55:16 [[0;33mdebug[0m] Closing file [3]
 10:55:16 [[0;34minfo[0m]  - Returning 0 -
t_ast: - value='4500'
t_user_options: {
t_user_options:    .filename='assets/random_4521b'
t_user_options:    .start_offset=4500
t_user_options:    .string_size=0
t_user_options:    .range=0
t_user_options: }

MEMORY TRACE:

  [[1;31m+[0m] 5:52406 -- 24 bytes at 0x102901c60 [srcs/expr/ast/ast_new_operator.c:21]

HEAP SUMMARY:
    in use at exit: 24 bytes in 1 blocks
  total heap usage: 8 allocs, 7 frees, 40181 bytes allocated

