 10:55:16 [[0;35mwarning[0m] Memory tracing enabled
 10:55:16 [[0;34minfo[0m] Lexer: OK
 10:55:16 [[0;35mwarning[0m] Dumping ast
 10:55:16 [[0;34minfo[0m] Parser: OK
 10:55:16 [[0;34minfo[0m] -> expression equals 27
 10:55:16 [[0;35mwarning[0m] Displaying t_user_options struct
 10:55:16 [[0;33mdebug[0m] opened 'assets/random_4521b' to fd: 3
 10:55:16 [[0;33mdebug[0m] page_size: 16384
 10:55:16 [[0;34minfo[0m] Malloc recommended - (27 bytes)
0000000+0  2e 96 3c be ef a7 c9 02 04 5f 4a 6f 87 09 02 7a  ..<......_Jo...z
000000+10  b9 2d 97 43 04 5f a8 43 5e 1a f4                 .-.C._.C^..
 10:55:16 [[0;33mdebug[0m] Closing file [3]
 10:55:16 [[0;34minfo[0m]  - Returning 0 -
t_ast: - value='27'
t_user_options: {
t_user_options:    .filename='assets/random_4521b'
t_user_options:    .start_offset=0
t_user_options:    .string_size=0
t_user_options:    .range=27
t_user_options: }

MEMORY TRACE:

  [[1;31m+[0m] 5:52388 -- 24 bytes at 0x104a01c60 [srcs/expr/ast/ast_new_operator.c:21]

HEAP SUMMARY:
    in use at exit: 24 bytes in 1 blocks
  total heap usage: 8 allocs, 7 frees, 40187 bytes allocated

