 10:55:16 [[0;35mwarning[0m] Memory tracing enabled
 10:55:16 [[0;34minfo[0m] Lexer: OK
 10:55:16 [[0;35mwarning[0m] Dumping ast
 10:55:16 [[0;34minfo[0m] Parser: OK
 10:55:16 [[0;34minfo[0m] -> expression equals 16
 10:55:16 [[0;35mwarning[0m] Displaying t_user_options struct
 10:55:16 [[0;33mdebug[0m] opened 'assets/random_26MB' to fd: 3
 10:55:16 [[0;33mdebug[0m] page_size: 16384
 10:55:16 [[0;33mdebug[0m] block_size: 4096
 10:55:16 [[0;34minfo[0m] Malloc recommended - (16 bytes)
0000000+0  7d 2a 0f d4 f7 51 6d 7c ec e9 ed 97 48 4d 51 16  }*...Qm|....HMQ.
 10:55:16 [[0;33mdebug[0m] Closing file [3]
 10:55:16 [[0;34minfo[0m]  - Returning 0 -
t_ast: - value='16'
t_user_options: {
t_user_options:    .filename='assets/random_26MB'
t_user_options:    .start_offset=0
t_user_options:    .string_size=0
t_user_options:    .range=16
t_user_options: }

MEMORY TRACE:

  [[1;31m+[0m] 5:52424 -- 24 bytes at 0x106c01c60 [srcs/expr/ast/ast_new_operator.c:21]

HEAP SUMMARY:
    in use at exit: 24 bytes in 1 blocks
  total heap usage: 8 allocs, 7 frees, 40176 bytes allocated

