 10:55:16 [[0;35mwarning[0m] Memory tracing enabled
 10:55:16 [[0;34minfo[0m] Lexer: OK
 10:55:16 [[0;35mwarning[0m] Dumping ast
 10:55:16 [[0;34minfo[0m] Parser: OK
 10:55:16 [[0;34minfo[0m] -> expression equals 19676
 10:55:16 [[0;34minfo[0m] Lexer: OK
 10:55:16 [[0;35mwarning[0m] Dumping ast
 10:55:16 [[0;34minfo[0m] Parser: OK
 10:55:16 [[0;34minfo[0m] -> expression equals 256
 10:55:16 [[0;35mwarning[0m] Displaying t_user_options struct
 10:55:16 [[0;33mdebug[0m] opened 'assets/random_5MB' to fd: 3
 10:55:16 [[0;33mdebug[0m] page_size: 16384
 10:55:16 [[0;33mdebug[0m] block_size: 4096
 10:55:16 [[0;34minfo[0m] Malloc recommended - (256 bytes)
0000+4cdc  d4 b5 e6 f8 70 77 60 1f 8d fc 8b 3e e3 37 25 84  ....pw`....>.7%.
0000+4cec  77 8a 65 2c 88 74 0b 50 14 6e 78 3d 2c 45 ca d8  w.e,.t.P.nx=,E..
0000+4cfc  7c e1 57 27 3f 12 00 57 0a 9b 3b 35 63 de c1 ec  |.W'?..W..;5c...
0000+4d0c  18 80 82 11 8a 15 08 0a f8 df e4 d5 23 d0 24 1b  ............#.$.
0000+4d1c  f6 48 02 71 d2 84 b2 3a 9b 92 74 48 42 69 c4 7f  .H.q...:..tHBi..
0000+4d2c  55 88 15 a0 7d b1 42 5c a6 64 f7 81 35 d2 fc cb  U...}.B\.d..5...
0000+4d3c  a9 d5 e0 a9 f0 45 bb 86 43 2f 92 c9 fe 51 c9 1f  .....E..C/...Q..
0000+4d4c  3a 11 60 45 43 8f 8b 13 20 a6 72 25 87 e3 f9 1f  :.`EC... .r%....
0000+4d5c  98 50 14 25 d0 63 81 01 98 69 d2 5a 01 02 00 cd  .P.%.c...i.Z....
0000+4d6c  f8 57 16 6b ba d6 2e 48 f4 ea 7d 74 cc 47 27 c6  .W.k...H..}t.G'.
0000+4d7c  e0 ce 4e f7 b7 47 8d 2a 93 64 74 b9 21 49 b3 85  ..N..G.*.dt.!I..
0000+4d8c  62 0c 98 42 b5 37 3f ce 98 9e fa 2e 7a b7 2a 8e  b..B.7?.....z.*.
0000+4d9c  7b a4 12 3a fd 7a c5 75 fc af 35 bb 1e b4 18 bc  {..:.z.u..5.....
0000+4dac  8c b1 f4 a4 80 80 0e 65 e2 52 2f a2 46 bf 38 20  .......e.R/.F.8 
0000+4dbc  38 fc 9e 1b 6d 40 31 97 9c 68 7d 66 29 f7 fb dd  8...m@1..h}f)...
0000+4dcc  08 67 7c 08 32 74 ed ea a1 e2 2e d8 44 d3 59 2f  .g|.2t......D.Y/
 10:55:16 [[0;33mdebug[0m] Closing file [3]
 10:55:16 [[0;34minfo[0m]  - Returning 0 -
t_ast: - operator='*'
t_ast:     - value='4919'
t_ast:     - value='4'
t_ast: - operator='*'
t_ast:     - value='16'
t_ast:     - value='16'
t_user_options: {
t_user_options:    .filename='assets/random_5MB'
t_user_options:    .start_offset=19676
t_user_options:    .string_size=0
t_user_options:    .range=256
t_user_options: }

MEMORY TRACE:

  [[1;31m+[0m] 9:52379 -- 24 bytes at 0x102b01ba0 [srcs/expr/ast/ast_new_operator.c:21]
  [[1;31m+[0m] 17:52379 -- 24 bytes at 0x102b01a20 [srcs/expr/ast/ast_new_operator.c:21]

HEAP SUMMARY:
    in use at exit: 48 bytes in 2 blocks
  total heap usage: 20 allocs, 18 frees, 40704 bytes allocated

