 10:55:16 [[0;35mwarning[0m] Memory tracing enabled
 10:55:16 [[0;34minfo[0m] Lexer: OK
 10:55:16 [[0;35mwarning[0m] Dumping ast
 10:55:16 [[0;34minfo[0m] Parser: OK
 10:55:16 [[0;34minfo[0m] -> expression equals 1337
 10:55:16 [[0;34minfo[0m] Lexer: OK
 10:55:16 [[0;35mwarning[0m] Dumping ast
 10:55:16 [[0;34minfo[0m] Parser: OK
 10:55:16 [[0;34minfo[0m] -> expression equals 4
 10:55:16 [[0;35mwarning[0m] Displaying t_user_options struct
 10:55:16 [[0;33mdebug[0m] opened 'assets/random_4521b' to fd: 3
 10:55:16 [[0;33mdebug[0m] page_size: 16384
 10:55:16 [[0;34minfo[0m] Malloc recommended - (4 bytes)
00000+539  7c 60 ea d8                                      |`..
 10:55:16 [[0;33mdebug[0m] Closing file [3]
 10:55:16 [[0;34minfo[0m]  - Returning 0 -
t_ast: - operator='+'
t_ast:     - operator='*'
t_ast:         - operator='+'
t_ast:             - value='250'
t_ast:             - value='250'
t_ast:         - value='2'
t_ast:     - value='337'
t_ast: - operator='*'
t_ast:     - operator='+'
t_ast:         - value='1'
t_ast:         - value='1'
t_ast:     - value='2'
t_user_options: {
t_user_options:    .filename='assets/random_4521b'
t_user_options:    .start_offset=1337
t_user_options:    .string_size=0
t_user_options:    .range=4
t_user_options: }

MEMORY TRACE:

  [[1;31m+[0m] 20:52370 -- 24 bytes at 0x104801990 [srcs/expr/ast/ast_new_operator.c:21]
  [[1;31m+[0m] 35:52370 -- 24 bytes at 0x104802e00 [srcs/expr/ast/ast_new_operator.c:21]

HEAP SUMMARY:
    in use at exit: 48 bytes in 2 blocks
  total heap usage: 38 allocs, 36 frees, 40884 bytes allocated

