00000+539  7c 60 ea d8                                      |`..
