0000000+0  00 00 00 00 00 00 00 00 00 00 00 00 00 00 00 00  ................
*
0000+6d70  00 00 00 00 00 00 00 00 00 00 00 00              ............

