0000000+0  7d 2a 0f d4 f7 51 6d 7c  ec e9 ed 97 48 4d 51 16  }*...Qm|....HMQ.
