00000190  00 00 00 00 00 00 00 00 00 00 00 00 00 00 00 00  ................
+
00003670  00 00 00 00 00 00 00 00 00 00 00 00 00           .............

