000011a7  d8 0a                                            ..

