0000000+0  75 12 9a 70 e1 3a 35 1b 55 7b 2c e9 a1 52 6a     u..p.:5.U{,..Rj

