0000000+0  2e 96 3c be ef a7 c9 02 04 5f 4a 6f 87 09 02 7a  ..<......_Jo...z
000000+10  b9 2d 97 43 04 5f a8 43 5e 1a f4                 .-.C._.C^..

