0000+3000  00 00 00 00 00 00 00 00 00 00 00 00 00 00 00 00  ................
+
0000+3670  00 00 00 00 00 00 00 00 00 00 00 00 00           .............

