0000+11a7  d8 0a                                            ..
