0000+1194  91 4d 61 65 d0 ad d0 c1 7f 02 c2 6e a6 09 55 35  .Mae.......n..U5
0000+11a4  7a 13 ce d8 0a                                   z....
